
> vite_react_shadcn_ts@0.0.0 build
> vite build

[36mvite v7.3.1 [32mbuilding client environment for production...[36m[39m
transforming...
node.exe : 
[33m[vite:css][postcss] 
@import must precede all 
other statements (besides 
@charset or empty @layer)
At line:1 char:1
+ & "C:\Program 
Files\nodejs/node.exe" 
"C:\Program 
Files\nodejs/node_mo ...
+ ~~~~~~~~~~~~~~~~~~~~~~~~~~~
~~~~~~~~~~~~~~~~~~~~~~~~~~~~~
~~~~~~~~~~~~~
    + CategoryInfo           
   : NotSpecified: ([33m[v  
  ite:css]...r empty @laye   
 r):String) [], RemoteExc    
eption
    + FullyQualifiedErrorId  
   : NativeCommandError
 
3  |  @tailwind utilities;
4  |  
5  |  @import url('https://fo
nts.googleapis.com/css2?famil
y=DM+Serif+Display:ital@0;1&f
amily=Inter:wght@300;400;500;
600;700...
   |  ^^^^^^^^^^^^^^^^^^^^^^^
^^^^^^^^^^^^^^^^^^^^^^^^^^^^^
^^^^^^^^^^^^^^^^^^^^^^^^^^^^^
^^^^^^^^^^^^^^^^^^^^^^^^^^^^^
^^^^^^^^^^
6  |  
7  |  @layer base {[39m
[32mΓ£ô[39m 3002 modules transformed.
rendering chunks...
computing gzip size...
[2mdist/[22m[32mindex.html                                 [39m[1m[2m  1.04 kB[22m[1m[22m[2m Γöé gzip:   0.47 kB[22m
[2mdist/[22m[32massets/hyderabad-city-BhwogLoK.jpg         [39m[1m[2m 54.17 kB[22m[1m[22m
[2mdist/[22m[32massets/outstation-premium-WByZaORB.jpg     [39m[1m[2m115.59 kB[22m[1m[22m
[2mdist/[22m[32massets/airport-premium-DLzhsGrl.jpg        [39m[1m[2m137.22 kB[22m[1m[22m
[2mdist/[22m[32massets/yadagirigutta-premium-CPmCDEza.jpg  [39m[1m[2m142.35 kB[22m[1m[22m
[2mdist/[22m[32massets/shirdi-premium-CmsKkBYF.jpg         [39m[1m[2m143.20 kB[22m[1m[22m
[2mdist/[22m[32massets/warangal-premium-BN8SpFDB.jpg       [39m[1m[2m144.89 kB[22m[1m[22m
[2mdist/[22m[32massets/tirupati-premium-D93-HARl.jpg       [39m[1m[2m145.20 kB[22m[1m[22m
[2mdist/[22m[32massets/charminar-premium-Da90NAre.jpg      [39m[1m[2m150.96 kB[22m[1m[22m
[2mdist/[22m[32massets/luxury-fleet-a55fqHto.jpg           [39m[1m[2m159.13 kB[22m[1m[22m
[2mdist/[22m[32massets/srisailam-premium-sLeVGY3N.jpg      [39m[1m[2m169.90 kB[22m[1m[22m
[2mdist/[22m[32massets/vizag-premium-B4Aoxru0.jpg          [39m[1m[2m170.06 kB[22m[1m[22m
[2mdist/[22m[32massets/goa-premium-Dz0ZciuD.jpg            [39m[1m[2m177.76 kB[22m[1m[22m
[2mdist/[22m[32massets/hero-premium-BFTCVjn9.jpg           [39m[1m[2m267.28 kB[22m[1m[22m
[2mdist/[22m[35massets/index-DGSzR-fF.css                  [39m[1m[2m 70.58 kB[22m[1m[22m[2m Γöé gzip:  12.11 kB[22m
[2mdist/[22m[36massets/index-B85YArzJ.js                   [39m[1m[33m750.11 kB[39m[22m[2m Γöé gzip: 228.22 kB[22m
[33m
(!) Some chunks are larger 
than 500 kB after 
minification. Consider:
- Using dynamic import() to 
code-split the application
- Use build.rollupOptions.out
put.manualChunks to improve 
chunking: https://rollupjs.or
g/configuration-options/#outp
ut-manualchunks
- Adjust chunk size limit 
for this warning via build.ch
unkSizeWarningLimit.[39m
[32mΓ£ô built in 7.93s[39m
